******************************************************************************
                  TI ARM Linker PC v20.2.2                     
******************************************************************************
>> Linked Fri Mar 19 14:43:25 2021

OUTPUT FILE NAME:   <Lab8p2.out>
ENTRY POINT SYMBOL: "_c_int00_noargs"  address: 00000819


MEMORY CONFIGURATION

         name            origin    length      used     unused   attr    fill
----------------------  --------  ---------  --------  --------  ----  --------
  MAIN                  00000000   00040000  000008f0  0003f710  R  X
  INFO                  00200000   00004000  00000000  00004000  R  X
  SRAM_CODE             01000000   00010000  00000606  0000f9fa  RW X
  SRAM_DATA             20000000   00010000  00000606  0000f9fa  RW  


SEGMENT ALLOCATION MAP

run origin  load origin   length   init length attrs members
----------  ----------- ---------- ----------- ----- -------
00000000    00000000    000008f0   000008f0    r-x
  00000000    00000000    000000e4   000000e4    r-- .intvecs
  000000e4    000000e4    000007dc   000007dc    r-x .text
  000008c0    000008c0    00000030   00000030    r-- .cinit
20000000    20000000    00000406   00000000    rw-
  20000000    20000000    00000400   00000000    rw- .sysmem
  20000400    20000400    00000004   00000000    rw- .data
  20000404    20000404    00000002   00000000    rw- .bss
2000fe00    2000fe00    00000200   00000000    rw-
  2000fe00    2000fe00    00000200   00000000    rw- .stack


SECTION ALLOCATION MAP

 output                                  attributes/
section   page    origin      length       input sections
--------  ----  ----------  ----------   ----------------
.intvecs   0    00000000    000000e4     
                  00000000    000000e4     startup_msp432p401r_ccs.obj (.intvecs:retain)

.text      0    000000e4    000007dc     
                  000000e4    00000334     system_msp432p401r.obj (.text)
                  00000418    00000160     MyTimer.obj (.text)
                  00000578    00000158     MySetup.obj (.text)
                  000006d0    0000009c     rtsv7M4_T_le_v4SPD16_eabi.lib : memcpy_t2.asm.obj (.text)
                  0000076c    00000068                                   : copy_decompress_lzss.c.obj (.text:decompress:lzss:__TI_decompress_lzss)
                  000007d4    00000044                                   : autoinit.c.obj (.text:__TI_auto_init_nobinit_nopinit:__TI_auto_init_nobinit_nopinit)
                  00000818    00000034                                   : boot_cortex_m.c.obj (.text:_c_int00_noargs:_c_int00_noargs)
                  0000084c    00000034     main2.obj (.text)
                  00000880    0000001c     rtsv7M4_T_le_v4SPD16_eabi.lib : copy_zero_init.c.obj (.text:decompress:ZI:__TI_zero_init_nomemset:__TI_zero_init_nomemset)
                  0000089c    0000000e                                   : copy_decompress_none.c.obj (.text:decompress:none:__TI_decompress_none)
                  000008aa    0000000e     startup_msp432p401r_ccs.obj (.text)
                  000008b8    00000004     rtsv7M4_T_le_v4SPD16_eabi.lib : pre_init.c.obj (.text:_system_pre_init)
                  000008bc    00000004                                   : exit.c.obj (.text:abort:abort)

.cinit     0    000008c0    00000030     
                  000008c0    0000000c     (__TI_handler_table)
                  000008cc    00000004     --HOLE-- [fill = 0]
                  000008d0    00000008     (.cinit..bss.load) [load image, compression = zero_init]
                  000008d8    00000008     (.cinit..data.load) [load image, compression = lzss]
                  000008e0    00000010     (__TI_cinit_table)

.init_array 
*          0    00000000    00000000     UNINITIALIZED

.binit     0    00000000    00000000     

.sysmem    0    20000000    00000400     UNINITIALIZED
                  20000000    00000010     rtsv7M4_T_le_v4SPD16_eabi.lib : memory.c.obj (.sysmem)
                  20000010    000003f0     --HOLE--

.data      0    20000400    00000004     UNINITIALIZED
                  20000400    00000004     system_msp432p401r.obj (.data)

.bss       0    20000404    00000002     UNINITIALIZED
                  20000404    00000002     (.common:periodGlobal)

.stack     0    2000fe00    00000200     UNINITIALIZED
                  2000fe00    00000004     rtsv7M4_T_le_v4SPD16_eabi.lib : boot_cortex_m.c.obj (.stack)
                  2000fe04    000001fc     --HOLE--

__llvm_prf_cnts 
*          0    20000000    00000000     UNINITIALIZED

MODULE SUMMARY

       Module                        code   ro data   rw data
       ------                        ----   -------   -------
    .\
       system_msp432p401r.obj        820    0         8      
       MyTimer.obj                   352    0         4      
       MySetup.obj                   344    0         0      
       startup_msp432p401r_ccs.obj   14     228       0      
       main2.obj                     52     0         0      
    +--+-----------------------------+------+---------+---------+
       Total:                        1582   228       12     
                                                             
    C:\ti\ccs1020\ccs\tools\compiler\ti-cgt-arm_20.2.2.LTS\lib\rtsv7M4_T_le_v4SPD16_eabi.lib
       memcpy_t2.asm.obj             156    0         0      
       copy_decompress_lzss.c.obj    104    0         0      
       autoinit.c.obj                68     0         0      
       boot_cortex_m.c.obj           52     0         0      
       copy_zero_init.c.obj          28     0         0      
       copy_decompress_none.c.obj    14     0         0      
       exit.c.obj                    4      0         0      
       pre_init.c.obj                4      0         0      
    +--+-----------------------------+------+---------+---------+
       Total:                        430    0         0      
                                                             
       Heap:                         0      0         2048   
       Stack:                        0      0         1024   
       Linker Generated:             0      44        0      
    +--+-----------------------------+------+---------+---------+
       Grand Total:                  2012   272       3084   


LINKER GENERATED COPY TABLES

__TI_cinit_table @ 000008e0 records: 2, size/record: 8, table size: 16
	.bss: load addr=000008d0, load size=00000008 bytes, run addr=20000404, run size=00000002 bytes, compression=zero_init
	.data: load addr=000008d8, load size=00000008 bytes, run addr=20000400, run size=00000004 bytes, compression=lzss


LINKER GENERATED HANDLER TABLE

__TI_handler_table @ 000008c0 records: 3, size/record: 4, table size: 12
	index: 0, handler: __TI_decompress_lzss
	index: 1, handler: __TI_decompress_none
	index: 2, handler: __TI_zero_init


GLOBAL SYMBOLS: SORTED ALPHABETICALLY BY Name 

address   name                          
-------   ----                          
000008b7  ADC14_IRQHandler              
000008b7  AES256_IRQHandler             
000008b7  BusFault_Handler              
000008bd  C$$EXIT                       
000008b7  COMP_E0_IRQHandler            
000008b7  COMP_E1_IRQHandler            
000008b7  CS_IRQHandler                 
000008b7  DMA_ERR_IRQHandler            
000008b7  DMA_INT0_IRQHandler           
000008b7  DMA_INT1_IRQHandler           
000008b7  DMA_INT2_IRQHandler           
000008b7  DMA_INT3_IRQHandler           
000008b7  DebugMon_Handler              
000008b7  Default_Handler               
000008b7  EUSCIA0_IRQHandler            
000008b7  EUSCIA1_IRQHandler            
000008b7  EUSCIA2_IRQHandler            
000008b7  EUSCIA3_IRQHandler            
000008b7  EUSCIB0_IRQHandler            
000008b7  EUSCIB1_IRQHandler            
000008b7  EUSCIB2_IRQHandler            
000008b7  EUSCIB3_IRQHandler            
000008b7  FLCTL_IRQHandler              
000008b7  FPU_IRQHandler                
000008b7  HardFault_Handler             
000008b7  MemManage_Handler             
000008b7  NMI_Handler                   
000008b7  PCM_IRQHandler                
000008b7  PORT1_IRQHandler              
000008b7  PORT2_IRQHandler              
000008b7  PORT3_IRQHandler              
000008b7  PORT4_IRQHandler              
000008b7  PORT5_IRQHandler              
000008b7  PORT6_IRQHandler              
000008b7  PSS_IRQHandler                
000008b7  PendSV_Handler                
000008b7  RTC_C_IRQHandler              
000008ab  Reset_Handler                 
000008b7  SVC_Handler                   
00000521  SysTickDelay                  
00000505  SysTickInit                   
000008b7  SysTick_Handler               
20000400  SystemCoreClock               
000000e5  SystemCoreClockUpdate         
0000035d  SystemInit                    
000008b7  T32_INT1_IRQHandler           
000008b7  T32_INT2_IRQHandler           
000008b7  T32_INTC_IRQHandler           
000008b7  TA0_0_IRQHandler              
000008b7  TA0_N_IRQHandler              
000008b7  TA1_0_IRQHandler              
000008b7  TA1_N_IRQHandler              
000008b7  TA2_0_IRQHandler              
000008b7  TA2_N_IRQHandler              
000008b7  TA3_0_IRQHandler              
000008b7  TA3_N_IRQHandler              
00000419  TimerAInit                    
00000475  TimerASetDutyCycle            
00000489  TimerASetMotorSpeed           
00000457  TimerASetPeriod               
000004b3  TimerAStopMotor               
000008b7  UsageFault_Handler            
4000480c  WDTCTL_SYM                    
000008b7  WDT_A_IRQHandler              
20010000  __STACK_END                   
00000200  __STACK_SIZE                  
00000400  __SYSMEM_SIZE                 
000008e0  __TI_CINIT_Base               
000008f0  __TI_CINIT_Limit              
000008c0  __TI_Handler_Table_Base       
000008cc  __TI_Handler_Table_Limit      
000007d5  __TI_auto_init_nobinit_nopinit
0000076d  __TI_decompress_lzss          
0000089d  __TI_decompress_none          
ffffffff  __TI_pprof_out_hndl           
ffffffff  __TI_prof_data_size           
ffffffff  __TI_prof_data_start          
00000000  __TI_static_base__            
00000881  __TI_zero_init_nomemset       
000006d1  __aeabi_memcpy                
000006d1  __aeabi_memcpy4               
000006d1  __aeabi_memcpy8               
ffffffff  __binit__                     
ffffffff  __c_args__                    
UNDEFED   __mpu_init                    
2000fe00  __stack                       
20000000  __start___llvm_prf_cnts       
20000000  __stop___llvm_prf_cnts        
00000819  _c_int00_noargs               
20000000  _sys_memory                   
UNDEFED   _system_post_cinit            
000008b9  _system_pre_init              
000008bd  abort                         
ffffffff  binit                         
00000000  interruptVectors              
0000084d  main                          
000006d1  memcpy                        
000004bb  microDelay                    
000004df  msDelay                       
20000404  periodGlobal                  
00000579  setupIO                       


GLOBAL SYMBOLS: SORTED BY Symbol Address 

address   name                          
-------   ----                          
00000000  __TI_static_base__            
00000000  interruptVectors              
000000e5  SystemCoreClockUpdate         
00000200  __STACK_SIZE                  
0000035d  SystemInit                    
00000400  __SYSMEM_SIZE                 
00000419  TimerAInit                    
00000457  TimerASetPeriod               
00000475  TimerASetDutyCycle            
00000489  TimerASetMotorSpeed           
000004b3  TimerAStopMotor               
000004bb  microDelay                    
000004df  msDelay                       
00000505  SysTickInit                   
00000521  SysTickDelay                  
00000579  setupIO                       
000006d1  __aeabi_memcpy                
000006d1  __aeabi_memcpy4               
000006d1  __aeabi_memcpy8               
000006d1  memcpy                        
0000076d  __TI_decompress_lzss          
000007d5  __TI_auto_init_nobinit_nopinit
00000819  _c_int00_noargs               
0000084d  main                          
00000881  __TI_zero_init_nomemset       
0000089d  __TI_decompress_none          
000008ab  Reset_Handler                 
000008b7  ADC14_IRQHandler              
000008b7  AES256_IRQHandler             
000008b7  BusFault_Handler              
000008b7  COMP_E0_IRQHandler            
000008b7  COMP_E1_IRQHandler            
000008b7  CS_IRQHandler                 
000008b7  DMA_ERR_IRQHandler            
000008b7  DMA_INT0_IRQHandler           
000008b7  DMA_INT1_IRQHandler           
000008b7  DMA_INT2_IRQHandler           
000008b7  DMA_INT3_IRQHandler           
000008b7  DebugMon_Handler              
000008b7  Default_Handler               
000008b7  EUSCIA0_IRQHandler            
000008b7  EUSCIA1_IRQHandler            
000008b7  EUSCIA2_IRQHandler            
000008b7  EUSCIA3_IRQHandler            
000008b7  EUSCIB0_IRQHandler            
000008b7  EUSCIB1_IRQHandler            
000008b7  EUSCIB2_IRQHandler            
000008b7  EUSCIB3_IRQHandler            
000008b7  FLCTL_IRQHandler              
000008b7  FPU_IRQHandler                
000008b7  HardFault_Handler             
000008b7  MemManage_Handler             
000008b7  NMI_Handler                   
000008b7  PCM_IRQHandler                
000008b7  PORT1_IRQHandler              
000008b7  PORT2_IRQHandler              
000008b7  PORT3_IRQHandler              
000008b7  PORT4_IRQHandler              
000008b7  PORT5_IRQHandler              
000008b7  PORT6_IRQHandler              
000008b7  PSS_IRQHandler                
000008b7  PendSV_Handler                
000008b7  RTC_C_IRQHandler              
000008b7  SVC_Handler                   
000008b7  SysTick_Handler               
000008b7  T32_INT1_IRQHandler           
000008b7  T32_INT2_IRQHandler           
000008b7  T32_INTC_IRQHandler           
000008b7  TA0_0_IRQHandler              
000008b7  TA0_N_IRQHandler              
000008b7  TA1_0_IRQHandler              
000008b7  TA1_N_IRQHandler              
000008b7  TA2_0_IRQHandler              
000008b7  TA2_N_IRQHandler              
000008b7  TA3_0_IRQHandler              
000008b7  TA3_N_IRQHandler              
000008b7  UsageFault_Handler            
000008b7  WDT_A_IRQHandler              
000008b9  _system_pre_init              
000008bd  C$$EXIT                       
000008bd  abort                         
000008c0  __TI_Handler_Table_Base       
000008cc  __TI_Handler_Table_Limit      
000008e0  __TI_CINIT_Base               
000008f0  __TI_CINIT_Limit              
20000000  __start___llvm_prf_cnts       
20000000  __stop___llvm_prf_cnts        
20000000  _sys_memory                   
20000400  SystemCoreClock               
20000404  periodGlobal                  
2000fe00  __stack                       
20010000  __STACK_END                   
4000480c  WDTCTL_SYM                    
ffffffff  __TI_pprof_out_hndl           
ffffffff  __TI_prof_data_size           
ffffffff  __TI_prof_data_start          
ffffffff  __binit__                     
ffffffff  __c_args__                    
ffffffff  binit                         
UNDEFED   __mpu_init                    
UNDEFED   _system_post_cinit            

[101 symbols]
